20:08:46 **** Incremental Build of configuration Debug for project Prueba ****
make -j16 all 
arm-none-eabi-gcc "../Core/Src/main.c" -mcpu=cortex-m4 -std=gnu11 -g3 -DDEBUG -DUSE_HAL_DRIVER -DSTM32F401xE -c -I../Core/Inc -I../Drivers/STM32F4xx_HAL_Driver/Inc -I../Drivers/STM32F4xx_HAL_Driver/Inc/Legacy -I../Drivers/CMSIS/Device/ST/STM32F4xx/Include -I../Drivers/CMSIS/Include -O0 -ffunction-sections -fdata-sections -Wall -fstack-usage -fcyclomatic-complexity -MMD -MP -MF"Core/Src/main.d" -MT"Core/Src/main.o" --specs=nano.specs -mfpu=fpv4-sp-d16 -mfloat-abi=hard -mthumb -o "Core/Src/main.o"
arm-none-eabi-gcc -o "Prueba.elf" @"objects.list"   -mcpu=cortex-m4 -T"C:\Users\leone\Desktop\Curso STM32\Prueba\STM32F401RETX_FLASH.ld" --specs=nosys.specs -Wl,-Map="Prueba.map" -Wl,--gc-sections -static --specs=nano.specs -mfpu=fpv4-sp-d16 -mfloat-abi=hard -mthumb -Wl,--start-group -lc -lm -Wl,--end-group
Finished building target: Prueba.elf
 
arm-none-eabi-size   Prueba.elf 
arm-none-eabi-objdump -h -S  Prueba.elf  > "Prueba.list"
   text	   data	    bss	    dec	    hex	filename
   7792	     20	   1636	   9448	   24e8	Prueba.elf
Finished building: default.size.stdout
 
Finished building: Prueba.list
 
20:08:48 **** Incremental Build of configuration Debug for project Prueba ****
make -j16 all 
arm-none-eabi-size   Prueba.elf 
   text	   data	    bss	    dec	    hex	filename
   7792	     20	   1636	   9448	   24e8	Prueba.elf
Finished building: default.size.stdout
 
